V3 23
FL "/home/student2/s22srith/coe758/project 1/Cache Controller/Cache_Controller/cache_controller.vhd" 2023/10/27.01:38:31 O.87xd
EN work/cacheController 1698385128 \
      FL "/home/student2/s22srith/coe758/project 1/Cache Controller/Cache_Controller/cache_controller.vhd" \
      PB ieee/std_logic_1164 1325952872 PB ieee/NUMERIC_STD 1325952877
AR work/cacheController/Behavioural 1698385129 \
      FL "/home/student2/s22srith/coe758/project 1/Cache Controller/Cache_Controller/cache_controller.vhd" \
      EN work/cacheController 1698385128 CP cpu_gen CP sram CP sdram_controller \
      CP icon CP ila
FL "/home/student2/s22srith/coe758/project 1/Cache Controller/Cache_Controller/CPU_gen.vhd" 2023/10/26.18:27:22 O.87xd
EN work/CPU_gen 1698385118 \
      FL "/home/student2/s22srith/coe758/project 1/Cache Controller/Cache_Controller/CPU_gen.vhd" \
      PB ieee/std_logic_1164 1325952872 PB ieee/std_logic_arith 1325952873 \
      PB ieee/STD_LOGIC_UNSIGNED 1325952875
AR work/CPU_gen/Behavioral 1698385119 \
      FL "/home/student2/s22srith/coe758/project 1/Cache Controller/Cache_Controller/CPU_gen.vhd" \
      EN work/CPU_gen 1698385118
FL "/home/student2/s22srith/coe758/project 1/Cache Controller/Cache_Controller/ipcore_dir/icon.vhd" 2023/10/26.18:11:58 O.87xd
EN work/icon 1698385124 \
      FL "/home/student2/s22srith/coe758/project 1/Cache Controller/Cache_Controller/ipcore_dir/icon.vhd" \
      PB ieee/std_logic_1164 1325952872
AR work/icon/icon_a 1698385125 \
      FL "/home/student2/s22srith/coe758/project 1/Cache Controller/Cache_Controller/ipcore_dir/icon.vhd" \
      EN work/icon 1698385124
FL "/home/student2/s22srith/coe758/project 1/Cache Controller/Cache_Controller/ipcore_dir/ila.vhd" 2023/10/26.17:59:05 O.87xd
EN work/ila 1698385126 \
      FL "/home/student2/s22srith/coe758/project 1/Cache Controller/Cache_Controller/ipcore_dir/ila.vhd" \
      PB ieee/std_logic_1164 1325952872
AR work/ila/ila_a 1698385127 \
      FL "/home/student2/s22srith/coe758/project 1/Cache Controller/Cache_Controller/ipcore_dir/ila.vhd" \
      EN work/ila 1698385126
FL "/home/student2/s22srith/coe758/project 1/Cache Controller/Cache_Controller/sdram_controller.vhd" 2023/10/13.17:07:26 O.87xd
EN work/sdram_controller 1698385122 \
      FL "/home/student2/s22srith/coe758/project 1/Cache Controller/Cache_Controller/sdram_controller.vhd" \
      PB ieee/std_logic_1164 1325952872 PB ieee/NUMERIC_STD 1325952877
AR work/sdram_controller/Behavioural 1698385123 \
      FL "/home/student2/s22srith/coe758/project 1/Cache Controller/Cache_Controller/sdram_controller.vhd" \
      EN work/sdram_controller 1698385122
FL "/home/student2/s22srith/coe758/project 1/Cache Controller/Cache_Controller/sram.vhd" 2023/10/21.01:30:19 O.87xd
EN work/sram 1698385120 \
      FL "/home/student2/s22srith/coe758/project 1/Cache Controller/Cache_Controller/sram.vhd" \
      PB ieee/std_logic_1164 1325952872 PB ieee/NUMERIC_STD 1325952877
AR work/sram/Behavioural 1698385121 \
      FL "/home/student2/s22srith/coe758/project 1/Cache Controller/Cache_Controller/sram.vhd" \
      EN work/sram 1698385120
